\BOOKMARK [-1][-]{part.1}{\376\377\000I\000\040\000F\000u\000n\000d\000a\000m\000e\000n\000t\000o\000s\000\040\000y\000\040\000M\000o\000d\000e\000l\000a\000m\000i\000e\000n\000t\000o\000\040\000R\000e\000l\000a\000c\000i\000o\000n\000a\000l}{}% 1
\BOOKMARK [0][-]{chapter.1}{\376\377\000F\000u\000n\000d\000a\000m\000e\000n\000t\000o\000s\000\040\000d\000e\000\040\000A\000d\000m\000i\000n\000i\000s\000t\000r\000a\000c\000i\000\363\000n\000\040\000d\000e\000\040\000I\000n\000f\000o\000r\000m\000a\000c\000i\000\363\000n\000\040\000y\000\040\000C\000i\000c\000l\000o\000\040\000d\000e\000\040\000V\000i\000d\000a\000\040\000d\000e\000l\000\040\000D\000a\000t\000o}{part.1}% 2
\BOOKMARK [1][-]{section.1.1}{\376\377\000M\000a\000r\000c\000o\000\040\000C\000o\000n\000c\000e\000p\000t\000u\000a\000l\000\040\000y\000\040\000T\000e\000\363\000r\000i\000c\000o\000\040\000\050\000C\000u\000r\000r\000\355\000c\000u\000l\000o\000\040\000U\000n\000i\000v\000e\000r\000s\000i\000t\000a\000r\000i\000o\000\051}{chapter.1}% 3
\BOOKMARK [2][-]{subsection.1.1.1}{\376\377\000D\000a\000t\000o\000,\000\040\000I\000n\000f\000o\000r\000m\000a\000c\000i\000\363\000n\000\040\000y\000\040\000C\000o\000n\000o\000c\000i\000m\000i\000e\000n\000t\000o\000\040\000\050\000P\000i\000r\000\341\000m\000i\000d\000e\000\040\000D\000I\000K\000W\000\051}{section.1.1}% 4
\BOOKMARK [2][-]{subsection.1.1.2}{\376\377\000E\000v\000o\000l\000u\000c\000i\000\363\000n\000:\000\040\000D\000e\000\040\000S\000i\000s\000t\000e\000m\000a\000s\000\040\000T\000r\000a\000d\000i\000c\000i\000o\000n\000a\000l\000e\000s\000\040\000d\000e\000\040\000A\000r\000c\000h\000i\000v\000o\000s\000\040\000a\000\040\000D\000B\000M\000S}{section.1.1}% 5
\BOOKMARK [1][-]{section.1.2}{\376\377\000C\000a\000s\000o\000s\000\040\000d\000e\000\040\000E\000s\000t\000u\000d\000i\000o\000\040\000y\000\040\000P\000r\000\341\000c\000t\000i\000c\000a\000\040\000A\000p\000l\000i\000c\000a\000d\000a}{chapter.1}% 6
\BOOKMARK [2][-]{subsection.1.2.1}{\376\377\000D\000e\000f\000i\000n\000i\000c\000i\000\363\000n\000\040\000d\000e\000\040\000E\000n\000t\000o\000r\000n\000o\000s\000\040\000y\000\040\000M\000e\000t\000a\000d\000a\000t\000o\000s}{section.1.2}% 7
\BOOKMARK [1][-]{section.1.3}{\376\377\000T\000a\000l\000l\000e\000r\000\040\000d\000e\000\040\000C\000o\000n\000s\000o\000l\000i\000d\000a\000c\000i\000\363\000n\000\040\000d\000e\000l\000\040\000C\000a\000p\000\355\000t\000u\000l\000o}{chapter.1}% 8
\BOOKMARK [2][-]{subsection.1.3.1}{\376\377\000S\000o\000l\000u\000c\000i\000\363\000n\000\040\000T\000\351\000c\000n\000i\000c\000a\000\040\000e\000n\000\040\000P\000o\000s\000t\000g\000r\000e\000S\000Q\000L\000\040\0001\0006}{section.1.3}% 9
\BOOKMARK [0][-]{chapter.2}{\376\377\000A\000r\000q\000u\000i\000t\000e\000c\000t\000u\000r\000a\000\040\000d\000e\000\040\000D\000B\000M\000S\000,\000\040\000I\000n\000d\000e\000p\000e\000n\000d\000e\000n\000c\000i\000a\000\040\000d\000e\000\040\000D\000a\000t\000o\000s\000\040\000y\000\040\000T\000r\000a\000n\000s\000a\000c\000c\000i\000o\000n\000e\000s\000\040\000A\000C\000I\000D}{part.1}% 10
\BOOKMARK [1][-]{section.2.1}{\376\377\000M\000a\000r\000c\000o\000\040\000C\000o\000n\000c\000e\000p\000t\000u\000a\000l\000\040\000y\000\040\000T\000e\000\363\000r\000i\000c\000o\000\040\000\050\000C\000u\000r\000r\000\355\000c\000u\000l\000o\000\040\000U\000n\000i\000v\000e\000r\000s\000i\000t\000a\000r\000i\000o\000\051}{chapter.2}% 11
\BOOKMARK [2][-]{subsection.2.1.1}{\376\377\000A\000r\000q\000u\000i\000t\000e\000c\000t\000u\000r\000a\000\040\000A\000N\000S\000I\000/\000S\000P\000A\000R\000C\000\040\000d\000e\000\040\000T\000r\000e\000s\000\040\000N\000i\000v\000e\000l\000e\000s}{section.2.1}% 12
\BOOKMARK [2][-]{subsection.2.1.2}{\376\377\000I\000n\000d\000e\000p\000e\000n\000d\000e\000n\000c\000i\000a\000\040\000d\000e\000\040\000D\000a\000t\000o\000s}{section.2.1}% 13
\BOOKMARK [2][-]{subsection.2.1.3}{\376\377\000E\000l\000\040\000M\000o\000d\000e\000l\000o\000\040\000T\000r\000a\000n\000s\000a\000c\000c\000i\000o\000n\000a\000l\000\040\000A\000C\000I\000D}{section.2.1}% 14
\BOOKMARK [1][-]{section.2.2}{\376\377\000C\000a\000s\000o\000s\000\040\000d\000e\000\040\000E\000s\000t\000u\000d\000i\000o\000:\000\040\000C\000o\000n\000t\000r\000o\000l\000\040\000C\000o\000n\000c\000u\000r\000r\000e\000n\000t\000e\000\040\000y\000\040\000B\000l\000o\000q\000u\000e\000s\000\040\000T\000r\000a\000n\000s\000a\000c\000c\000i\000o\000n\000a\000l\000e\000s}{chapter.2}% 15
\BOOKMARK [1][-]{section.2.3}{\376\377\000T\000a\000l\000l\000e\000r\000\040\000d\000e\000\040\000C\000o\000n\000s\000o\000l\000i\000d\000a\000c\000i\000\363\000n\000\040\000d\000e\000l\000\040\000C\000a\000p\000\355\000t\000u\000l\000o}{chapter.2}% 16
\BOOKMARK [2][-]{subsection.2.3.1}{\376\377\000S\000o\000l\000u\000c\000i\000\363\000n\000\040\000T\000\351\000c\000n\000i\000c\000a\000\040\000e\000n\000\040\000P\000o\000s\000t\000g\000r\000e\000S\000Q\000L}{section.2.3}% 17
\BOOKMARK [0][-]{chapter.3}{\376\377\000B\000a\000s\000e\000s\000\040\000d\000e\000\040\000D\000a\000t\000o\000s\000\040\000R\000e\000l\000a\000c\000i\000o\000n\000a\000l\000e\000s\000,\000\040\000I\000n\000t\000e\000g\000r\000i\000d\000a\000d\000\040\000F\000o\000r\000m\000a\000l\000\040\000y\000\040\000L\000e\000n\000g\000u\000a\000j\000e\000\040\000D\000D\000L}{part.1}% 18
\BOOKMARK [1][-]{section.3.1}{\376\377\000M\000a\000r\000c\000o\000\040\000C\000o\000n\000c\000e\000p\000t\000u\000a\000l\000\040\000y\000\040\000T\000e\000\363\000r\000i\000c\000o\000\040\000\050\000C\000u\000r\000r\000\355\000c\000u\000l\000o\000\040\000U\000n\000i\000v\000e\000r\000s\000i\000t\000a\000r\000i\000o\000\051}{chapter.3}% 19
\BOOKMARK [2][-]{subsection.3.1.1}{\376\377\000F\000u\000n\000d\000a\000m\000e\000n\000t\000o\000s\000\040\000d\000e\000l\000\040\000M\000o\000d\000e\000l\000o\000\040\000R\000e\000l\000a\000c\000i\000o\000n\000a\000l}{section.3.1}% 20
\BOOKMARK [2][-]{subsection.3.1.2}{\376\377\000R\000e\000s\000t\000r\000i\000c\000c\000i\000o\000n\000e\000s\000\040\000d\000e\000\040\000I\000n\000t\000e\000g\000r\000i\000d\000a\000d\000\040\000F\000o\000r\000m\000a\000l\000e\000s}{section.3.1}% 21
\BOOKMARK [1][-]{section.3.2}{\376\377\000C\000a\000s\000o\000s\000\040\000d\000e\000\040\000E\000s\000t\000u\000d\000i\000o\000\040\000y\000\040\000P\000r\000\341\000c\000t\000i\000c\000a\000\040\000A\000p\000l\000i\000c\000a\000d\000a}{chapter.3}% 22
\BOOKMARK [1][-]{section.3.3}{\376\377\000T\000a\000l\000l\000e\000r\000\040\000d\000e\000\040\000C\000o\000n\000s\000o\000l\000i\000d\000a\000c\000i\000\363\000n\000\040\000d\000e\000l\000\040\000C\000a\000p\000\355\000t\000u\000l\000o}{chapter.3}% 23
\BOOKMARK [2][-]{subsection.3.3.1}{\376\377\000S\000o\000l\000u\000c\000i\000\363\000n\000\040\000T\000\351\000c\000n\000i\000c\000a\000\040\000e\000n\000\040\000P\000o\000s\000t\000g\000r\000e\000S\000Q\000L\000\040\000/\000\040\000M\000y\000S\000Q\000L}{section.3.3}% 24
\BOOKMARK [0][-]{chapter.4}{\376\377\000M\000a\000n\000i\000p\000u\000l\000a\000c\000i\000\363\000n\000\040\000d\000e\000\040\000D\000a\000t\000o\000s\000\040\000\050\000D\000M\000L\000\051\000,\000\040\000F\000i\000l\000t\000r\000a\000d\000o\000\040\000y\000\040\000C\000o\000n\000s\000u\000l\000t\000a\000s\000\040\000F\000u\000n\000d\000a\000m\000e\000n\000t\000a\000l\000e\000s}{part.1}% 25
\BOOKMARK [1][-]{section.4.1}{\376\377\000M\000a\000r\000c\000o\000\040\000C\000o\000n\000c\000e\000p\000t\000u\000a\000l\000\040\000y\000\040\000T\000e\000\363\000r\000i\000c\000o\000\040\000\050\000C\000u\000r\000r\000\355\000c\000u\000l\000o\000\040\000U\000n\000i\000v\000e\000r\000s\000i\000t\000a\000r\000i\000o\000\051}{chapter.4}% 26
\BOOKMARK [2][-]{subsection.4.1.1}{\376\377\000L\000\363\000g\000i\000c\000a\000\040\000d\000e\000\040\000T\000r\000e\000s\000\040\000V\000a\000l\000o\000r\000e\000s\000\040\000\050\0003\000V\000L\000\051\000\040\000y\000\040\000T\000r\000a\000t\000a\000m\000i\000e\000n\000t\000o\000\040\000d\000e\000\040\000N\000U\000L\000L\000s}{section.4.1}% 27
\BOOKMARK [1][-]{section.4.2}{\376\377\000C\000a\000s\000o\000s\000\040\000d\000e\000\040\000E\000s\000t\000u\000d\000i\000o\000\040\000y\000\040\000P\000r\000\341\000c\000t\000i\000c\000a\000\040\000A\000p\000l\000i\000c\000a\000d\000a}{chapter.4}% 28
\BOOKMARK [1][-]{section.4.3}{\376\377\000T\000a\000l\000l\000e\000r\000\040\000d\000e\000\040\000C\000o\000n\000s\000o\000l\000i\000d\000a\000c\000i\000\363\000n\000\040\000d\000e\000l\000\040\000C\000a\000p\000\355\000t\000u\000l\000o}{chapter.4}% 29
\BOOKMARK [2][-]{subsection.4.3.1}{\376\377\000S\000o\000l\000u\000c\000i\000\363\000n\000\040\000T\000\351\000c\000n\000i\000c\000a\000\040\000e\000n\000\040\000P\000o\000s\000t\000g\000r\000e\000S\000Q\000L}{section.4.3}% 30
\BOOKMARK [0][-]{chapter.5}{\376\377\000M\000o\000d\000e\000l\000a\000m\000i\000e\000n\000t\000o\000\040\000C\000o\000n\000c\000e\000p\000t\000u\000a\000l\000\040\000E\000n\000t\000i\000d\000a\000d\000-\000R\000e\000l\000a\000c\000i\000\363\000n\000\040\000\050\000D\000E\000R\000/\000E\000E\000R\000\051\000\040\000y\000\040\000C\000a\000r\000d\000i\000n\000a\000l\000i\000d\000a\000d}{part.1}% 31
\BOOKMARK [1][-]{section.5.1}{\376\377\000M\000a\000r\000c\000o\000\040\000C\000o\000n\000c\000e\000p\000t\000u\000a\000l\000\040\000y\000\040\000T\000e\000\363\000r\000i\000c\000o\000\040\000\050\000C\000u\000r\000r\000\355\000c\000u\000l\000o\000\040\000U\000n\000i\000v\000e\000r\000s\000i\000t\000a\000r\000i\000o\000\051}{chapter.5}% 32
\BOOKMARK [2][-]{subsection.5.1.1}{\376\377\000E\000l\000\040\000M\000o\000d\000e\000l\000o\000\040\000E\000n\000t\000i\000d\000a\000d\000-\000R\000e\000l\000a\000c\000i\000\363\000n\000\040\000E\000x\000t\000e\000n\000d\000i\000d\000o\000\040\000\050\000E\000E\000R\000\051}{section.5.1}% 33
\BOOKMARK [1][-]{section.5.2}{\376\377\000C\000a\000s\000o\000s\000\040\000d\000e\000\040\000E\000s\000t\000u\000d\000i\000o\000:\000\040\000M\000a\000p\000e\000o\000\040\000d\000e\000\040\000R\000e\000l\000a\000c\000i\000o\000n\000e\000s\000\040\000N\000:\000M\000\040\000a\000\040\000T\000a\000b\000l\000a\000s\000\040\000P\000u\000e\000n\000t\000e}{chapter.5}% 34
\BOOKMARK [1][-]{section.5.3}{\376\377\000T\000a\000l\000l\000e\000r\000\040\000d\000e\000\040\000C\000o\000n\000s\000o\000l\000i\000d\000a\000c\000i\000\363\000n\000\040\000d\000e\000l\000\040\000C\000a\000p\000\355\000t\000u\000l\000o}{chapter.5}% 35
\BOOKMARK [2][-]{subsection.5.3.1}{\376\377\000S\000o\000l\000u\000c\000i\000\363\000n\000\040\000T\000\351\000c\000n\000i\000c\000a\000\040\000R\000e\000l\000a\000c\000i\000o\000n\000a\000l}{section.5.3}% 36
\BOOKMARK [0][-]{chapter.6}{\376\377\000N\000o\000r\000m\000a\000l\000i\000z\000a\000c\000i\000\363\000n\000\040\000F\000o\000r\000m\000a\000l\000\040\000d\000e\000\040\000B\000a\000s\000e\000s\000\040\000d\000e\000\040\000D\000a\000t\000o\000s\000\040\000\050\0001\000F\000N\000\040\000a\000\040\0003\000F\000N\000\051\000\040\000y\000\040\000A\000n\000o\000m\000a\000l\000\355\000a\000s}{part.1}% 37
\BOOKMARK [1][-]{section.6.1}{\376\377\000M\000a\000r\000c\000o\000\040\000C\000o\000n\000c\000e\000p\000t\000u\000a\000l\000\040\000y\000\040\000T\000e\000\363\000r\000i\000c\000o\000\040\000\050\000C\000u\000r\000r\000\355\000c\000u\000l\000o\000\040\000U\000n\000i\000v\000e\000r\000s\000i\000t\000a\000r\000i\000o\000\051}{chapter.6}% 38
\BOOKMARK [2][-]{subsection.6.1.1}{\376\377\000D\000e\000p\000e\000n\000d\000e\000n\000c\000i\000a\000s\000\040\000F\000u\000n\000c\000i\000o\000n\000a\000l\000e\000s}{section.6.1}% 39
\BOOKMARK [2][-]{subsection.6.1.2}{\376\377\000L\000a\000s\000\040\000T\000r\000e\000s\000\040\000F\000o\000r\000m\000a\000s\000\040\000N\000o\000r\000m\000a\000l\000e\000s\000\040\000C\000l\000\341\000s\000i\000c\000a\000s}{section.6.1}% 40
\BOOKMARK [1][-]{section.6.2}{\376\377\000C\000a\000s\000o\000s\000\040\000d\000e\000\040\000E\000s\000t\000u\000d\000i\000o\000\040\000y\000\040\000D\000e\000s\000c\000o\000m\000p\000o\000s\000i\000c\000i\000\363\000n\000\040\000s\000i\000n\000\040\000P\000\351\000r\000d\000i\000d\000a}{chapter.6}% 41
\BOOKMARK [2][-]{subsection.6.2.1}{\376\377\000D\000e\000s\000c\000o\000m\000p\000o\000s\000i\000c\000i\000\363\000n\000\040\000F\000o\000r\000m\000a\000l\000\040\000e\000n\000\040\0003\000F\000N}{section.6.2}% 42
\BOOKMARK [-1][-]{part.2}{\376\377\000I\000I\000\040\000C\000o\000n\000s\000u\000l\000t\000a\000s\000\040\000A\000v\000a\000n\000z\000a\000d\000a\000s\000,\000\040\000\341\000l\000g\000e\000b\000r\000a\000\040\000d\000e\000\040\000J\000O\000I\000N\000s\000\040\000y\000\040\000S\000Q\000L\000\040\000A\000n\000a\000l\000\355\000t\000i\000c\000o}{}% 43
\BOOKMARK [0][-]{chapter.7}{\376\377\000F\000o\000r\000m\000a\000s\000\040\000N\000o\000r\000m\000a\000l\000e\000s\000\040\000S\000u\000p\000e\000r\000i\000o\000r\000e\000s\000\040\000\050\000B\000C\000N\000F\000,\000\040\0004\000F\000N\000,\000\040\0005\000F\000N\000,\000\040\000D\000K\000N\000F\000\051\000\040\000y\000\040\000D\000e\000s\000n\000o\000r\000m\000a\000l\000i\000z\000a\000c\000i\000\363\000n}{part.2}% 44
\BOOKMARK [1][-]{section.7.1}{\376\377\000M\000a\000r\000c\000o\000\040\000C\000o\000n\000c\000e\000p\000t\000u\000a\000l\000\040\000y\000\040\000T\000e\000\363\000r\000i\000c\000o\000\040\000\050\000C\000u\000r\000r\000\355\000c\000u\000l\000o\000\040\000U\000n\000i\000v\000e\000r\000s\000i\000t\000a\000r\000i\000o\000\051}{chapter.7}% 45
\BOOKMARK [2][-]{subsection.7.1.1}{\376\377\000F\000o\000r\000m\000a\000\040\000N\000o\000r\000m\000a\000l\000\040\000d\000e\000\040\000B\000o\000y\000c\000e\000-\000C\000o\000d\000d\000\040\000\050\000B\000C\000N\000F\000\051}{section.7.1}% 46
\BOOKMARK [2][-]{subsection.7.1.2}{\376\377\000C\000u\000a\000r\000t\000a\000\040\000F\000o\000r\000m\000a\000\040\000N\000o\000r\000m\000a\000l\000\040\000\050\0004\000F\000N\000\051\000\040\000y\000\040\000D\000e\000p\000e\000n\000d\000e\000n\000c\000i\000a\000s\000\040\000M\000u\000l\000t\000i\000v\000a\000l\000u\000a\000d\000a\000s}{section.7.1}% 47
\BOOKMARK [2][-]{subsection.7.1.3}{\376\377\000Q\000u\000i\000n\000t\000a\000\040\000F\000o\000r\000m\000a\000\040\000N\000o\000r\000m\000a\000l\000\040\000\050\0005\000F\000N\000\040\000/\000\040\000P\000J\000-\000N\000F\000\051\000\040\000y\000\040\000D\000K\000N\000F}{section.7.1}% 48
\BOOKMARK [2][-]{subsection.7.1.4}{\376\377\000D\000e\000s\000n\000o\000r\000m\000a\000l\000i\000z\000a\000c\000i\000\363\000n\000\040\000E\000s\000t\000r\000a\000t\000\351\000g\000i\000c\000a\000\040\000y\000\040\000R\000e\000n\000d\000i\000m\000i\000e\000n\000t\000o}{section.7.1}% 49
\BOOKMARK [1][-]{section.7.2}{\376\377\000C\000a\000s\000o\000s\000\040\000d\000e\000\040\000E\000s\000t\000u\000d\000i\000o\000\040\000y\000\040\000P\000r\000\341\000c\000t\000i\000c\000a\000\040\000A\000p\000l\000i\000c\000a\000d\000a}{chapter.7}% 50
\BOOKMARK [1][-]{section.7.3}{\376\377\000T\000a\000l\000l\000e\000r\000\040\000d\000e\000\040\000C\000o\000n\000s\000o\000l\000i\000d\000a\000c\000i\000\363\000n\000\040\000d\000e\000l\000\040\000C\000a\000p\000\355\000t\000u\000l\000o}{chapter.7}% 51
\BOOKMARK [2][-]{subsection.7.3.1}{\376\377\000S\000o\000l\000u\000c\000i\000\363\000n\000\040\000T\000\351\000c\000n\000i\000c\000a\000\040\000e\000n\000\040\000P\000o\000s\000t\000g\000r\000e\000S\000Q\000L}{section.7.3}% 52
\BOOKMARK [0][-]{chapter.8}{\376\377\000\341\000l\000g\000e\000b\000r\000a\000\040\000R\000e\000l\000a\000c\000i\000o\000n\000a\000l\000\040\000d\000e\000\040\000J\000O\000I\000N\000s\000,\000\040\000S\000u\000b\000c\000o\000n\000s\000u\000l\000t\000a\000s\000\040\000y\000\040\000C\000T\000E\000s}{part.2}% 53
\BOOKMARK [1][-]{section.8.1}{\376\377\000M\000a\000r\000c\000o\000\040\000C\000o\000n\000c\000e\000p\000t\000u\000a\000l\000\040\000y\000\040\000T\000e\000\363\000r\000i\000c\000o\000\040\000\050\000C\000u\000r\000r\000\355\000c\000u\000l\000o\000\040\000U\000n\000i\000v\000e\000r\000s\000i\000t\000a\000r\000i\000o\000\051}{chapter.8}% 54
\BOOKMARK [2][-]{subsection.8.1.1}{\376\377\000F\000a\000m\000i\000l\000i\000a\000s\000\040\000d\000e\000\040\000O\000p\000e\000r\000a\000d\000o\000r\000e\000s\000\040\000J\000O\000I\000N}{section.8.1}% 55
\BOOKMARK [1][-]{section.8.2}{\376\377\000T\000a\000l\000l\000e\000r\000\040\000d\000e\000\040\000C\000o\000n\000s\000o\000l\000i\000d\000a\000c\000i\000\363\000n\000\040\000d\000e\000l\000\040\000C\000a\000p\000\355\000t\000u\000l\000o}{chapter.8}% 56
\BOOKMARK [2][-]{subsection.8.2.1}{\376\377\000S\000o\000l\000u\000c\000i\000\363\000n\000\040\000T\000\351\000c\000n\000i\000c\000a\000\040\000e\000n\000\040\000P\000o\000s\000t\000g\000r\000e\000S\000Q\000L\000\040\000c\000o\000n\000\040\000C\000T\000E\000s\000\040\000y\000\040\000L\000E\000F\000T\000\040\000J\000O\000I\000N}{section.8.2}% 57
\BOOKMARK [0][-]{chapter.9}{\376\377\000S\000Q\000L\000\040\000A\000n\000a\000l\000\355\000t\000i\000c\000o\000\040\000A\000v\000a\000n\000z\000a\000d\000o\000:\000\040\000F\000u\000n\000c\000i\000o\000n\000e\000s\000\040\000d\000e\000\040\000V\000e\000n\000t\000a\000n\000a\000\040\000y\000\040\000A\000g\000r\000e\000g\000a\000c\000i\000\363\000n\000\040\000M\000u\000l\000t\000i\000d\000i\000m\000e\000n\000s\000i\000o\000n\000a\000l}{part.2}% 58
\BOOKMARK [1][-]{section.9.1}{\376\377\000M\000a\000r\000c\000o\000\040\000C\000o\000n\000c\000e\000p\000t\000u\000a\000l\000\040\000y\000\040\000T\000e\000\363\000r\000i\000c\000o\000\040\000\050\000C\000u\000r\000r\000\355\000c\000u\000l\000o\000\040\000U\000n\000i\000v\000e\000r\000s\000i\000t\000a\000r\000i\000o\000\051}{chapter.9}% 59
\BOOKMARK [2][-]{subsection.9.1.1}{\376\377\000S\000i\000n\000t\000a\000x\000i\000s\000\040\000F\000o\000r\000m\000a\000l\000:\000\040\000C\000l\000\341\000u\000s\000u\000l\000a\000\040\000O\000V\000E\000R\000\050\000\051}{section.9.1}% 60
\BOOKMARK [2][-]{subsection.9.1.2}{\376\377\000F\000a\000m\000i\000l\000i\000a\000s\000\040\000d\000e\000\040\000F\000u\000n\000c\000i\000o\000n\000e\000s\000\040\000A\000n\000a\000l\000\355\000t\000i\000c\000a\000s}{section.9.1}% 61
\BOOKMARK [1][-]{section.9.2}{\376\377\000T\000a\000l\000l\000e\000r\000\040\000d\000e\000\040\000C\000o\000n\000s\000o\000l\000i\000d\000a\000c\000i\000\363\000n\000\040\000d\000e\000l\000\040\000C\000a\000p\000\355\000t\000u\000l\000o}{chapter.9}% 62
\BOOKMARK [2][-]{subsection.9.2.1}{\376\377\000S\000o\000l\000u\000c\000i\000\363\000n\000\040\000T\000\351\000c\000n\000i\000c\000a\000\040\000e\000n\000\040\000P\000o\000s\000t\000g\000r\000e\000S\000Q\000L\000\040\000\050\000F\000o\000r\000m\000a\000t\000o\000\040\000O\000'\000R\000e\000i\000l\000l\000y\000\051}{section.9.2}% 63
\BOOKMARK [0][-]{chapter.10}{\376\377\000P\000r\000o\000g\000r\000a\000m\000a\000c\000i\000\363\000n\000\040\000e\000n\000\040\000B\000a\000s\000e\000\040\000d\000e\000\040\000D\000a\000t\000o\000s\000:\000\040\000P\000L\000/\000p\000g\000S\000Q\000L\000,\000\040\000P\000r\000o\000c\000e\000d\000i\000m\000i\000e\000n\000t\000o\000s\000\040\000y\000\040\000T\000r\000i\000g\000g\000e\000r\000s}{part.2}% 64
\BOOKMARK [1][-]{section.10.1}{\376\377\000M\000a\000r\000c\000o\000\040\000C\000o\000n\000c\000e\000p\000t\000u\000a\000l\000\040\000y\000\040\000T\000e\000\363\000r\000i\000c\000o\000\040\000\050\000C\000u\000r\000r\000\355\000c\000u\000l\000o\000\040\000U\000n\000i\000v\000e\000r\000s\000i\000t\000a\000r\000i\000o\000\051}{chapter.10}% 65
\BOOKMARK [2][-]{subsection.10.1.1}{\376\377\000E\000s\000t\000r\000u\000c\000t\000u\000r\000a\000\040\000d\000e\000\040\000B\000l\000o\000q\000u\000e\000s\000\040\000e\000n\000\040\000P\000L\000/\000p\000g\000S\000Q\000L}{section.10.1}% 66
\BOOKMARK [2][-]{subsection.10.1.2}{\376\377\000D\000i\000s\000p\000a\000r\000a\000d\000o\000r\000e\000s\000\040\000\050\000T\000r\000i\000g\000g\000e\000r\000s\000\051\000\040\000y\000\040\000E\000v\000e\000n\000t\000o\000s}{section.10.1}% 67
\BOOKMARK [1][-]{section.10.2}{\376\377\000C\000a\000s\000o\000s\000\040\000d\000e\000\040\000E\000s\000t\000u\000d\000i\000o\000\040\000y\000\040\000P\000r\000\341\000c\000t\000i\000c\000a\000\040\000A\000p\000l\000i\000c\000a\000d\000a}{chapter.10}% 68
\BOOKMARK [1][-]{section.10.3}{\376\377\000T\000a\000l\000l\000e\000r\000\040\000d\000e\000\040\000C\000o\000n\000s\000o\000l\000i\000d\000a\000c\000i\000\363\000n\000\040\000d\000e\000l\000\040\000C\000a\000p\000\355\000t\000u\000l\000o}{chapter.10}% 69
\BOOKMARK [2][-]{subsection.10.3.1}{\376\377\000S\000o\000l\000u\000c\000i\000\363\000n\000\040\000T\000\351\000c\000n\000i\000c\000a\000\040\000c\000o\000n\000\040\000T\000r\000i\000g\000g\000e\000r\000\040\000e\000n\000\040\000P\000o\000s\000t\000g\000r\000e\000S\000Q\000L}{section.10.3}% 70
\BOOKMARK [-1][-]{part.3}{\376\377\000I\000I\000I\000\040\000D\000a\000t\000a\000\040\000W\000a\000r\000e\000h\000o\000u\000s\000i\000n\000g\000,\000\040\000R\000e\000n\000d\000i\000m\000i\000e\000n\000t\000o\000\040\000y\000\040\000A\000l\000t\000a\000\040\000D\000i\000s\000p\000o\000n\000i\000b\000i\000l\000i\000d\000a\000d}{}% 71
\BOOKMARK [0][-]{chapter.11}{\376\377\000D\000a\000t\000a\000\040\000W\000a\000r\000e\000h\000o\000u\000s\000i\000n\000g\000,\000\040\000M\000o\000d\000e\000l\000a\000d\000o\000\040\000D\000i\000m\000e\000n\000s\000i\000o\000n\000a\000l\000\040\000y\000\040\000A\000r\000q\000u\000i\000t\000e\000c\000t\000u\000r\000a\000\040\000O\000L\000A\000P}{part.3}% 72
\BOOKMARK [1][-]{section.11.1}{\376\377\000M\000a\000r\000c\000o\000\040\000C\000o\000n\000c\000e\000p\000t\000u\000a\000l\000\040\000y\000\040\000T\000e\000\363\000r\000i\000c\000o\000\040\000\050\000C\000u\000r\000r\000\355\000c\000u\000l\000o\000\040\000U\000n\000i\000v\000e\000r\000s\000i\000t\000a\000r\000i\000o\000\051}{chapter.11}% 73
\BOOKMARK [2][-]{subsection.11.1.1}{\376\377\000C\000o\000m\000p\000a\000r\000a\000t\000i\000v\000a\000\040\000O\000L\000T\000P\000\040\000v\000s\000\040\000O\000L\000A\000P}{section.11.1}% 74
\BOOKMARK [2][-]{subsection.11.1.2}{\376\377\000M\000e\000t\000o\000d\000o\000l\000o\000g\000\355\000a\000\040\000K\000i\000m\000b\000a\000l\000l\000:\000\040\000H\000e\000c\000h\000o\000s\000\040\000y\000\040\000D\000i\000m\000e\000n\000s\000i\000o\000n\000e\000s}{section.11.1}% 75
\BOOKMARK [1][-]{section.11.2}{\376\377\000C\000a\000s\000o\000s\000\040\000d\000e\000\040\000E\000s\000t\000u\000d\000i\000o\000:\000\040\000O\000p\000e\000r\000a\000c\000i\000o\000n\000e\000s\000\040\000O\000L\000A\000P\000\040\000\050\000C\000U\000B\000E\000\040\000y\000\040\000R\000O\000L\000L\000U\000P\000\051}{chapter.11}% 76
\BOOKMARK [1][-]{section.11.3}{\376\377\000T\000a\000l\000l\000e\000r\000\040\000d\000e\000\040\000C\000o\000n\000s\000o\000l\000i\000d\000a\000c\000i\000\363\000n\000\040\000d\000e\000l\000\040\000C\000a\000p\000\355\000t\000u\000l\000o}{chapter.11}% 77
\BOOKMARK [2][-]{subsection.11.3.1}{\376\377\000S\000o\000l\000u\000c\000i\000\363\000n\000\040\000T\000\351\000c\000n\000i\000c\000a\000\040\000D\000D\000L\000\040\000D\000i\000m\000e\000n\000s\000i\000o\000n\000a\000l}{section.11.3}% 78
\BOOKMARK [0][-]{chapter.12}{\376\377\000O\000p\000t\000i\000m\000i\000z\000a\000c\000i\000\363\000n\000\040\000d\000e\000\040\000C\000o\000n\000s\000u\000l\000t\000a\000s\000,\000\040\000P\000l\000a\000n\000e\000s\000\040\000d\000e\000\040\000E\000j\000e\000c\000u\000c\000i\000\363\000n\000\040\000e\000\040\000\355\000n\000d\000i\000c\000e\000s}{part.3}% 79
\BOOKMARK [1][-]{section.12.1}{\376\377\000M\000a\000r\000c\000o\000\040\000C\000o\000n\000c\000e\000p\000t\000u\000a\000l\000\040\000y\000\040\000T\000e\000\363\000r\000i\000c\000o\000\040\000\050\000C\000u\000r\000r\000\355\000c\000u\000l\000o\000\040\000U\000n\000i\000v\000e\000r\000s\000i\000t\000a\000r\000i\000o\000\051}{chapter.12}% 80
\BOOKMARK [2][-]{subsection.12.1.1}{\376\377\000C\000o\000m\000p\000o\000n\000e\000n\000t\000e\000s\000\040\000d\000e\000\040\000u\000n\000\040\000P\000l\000a\000n\000\040\000d\000e\000\040\000E\000j\000e\000c\000u\000c\000i\000\363\000n}{section.12.1}% 81
\BOOKMARK [2][-]{subsection.12.1.2}{\376\377\000E\000s\000t\000r\000a\000t\000e\000g\000i\000a\000s\000\040\000d\000e\000\040\000I\000n\000d\000e\000x\000a\000c\000i\000\363\000n\000\040\000A\000v\000a\000n\000z\000a\000d\000a}{section.12.1}% 82
\BOOKMARK [1][-]{section.12.2}{\376\377\000C\000a\000s\000o\000s\000\040\000d\000e\000\040\000E\000s\000t\000u\000d\000i\000o\000\040\000y\000\040\000P\000r\000\341\000c\000t\000i\000c\000a\000\040\000A\000p\000l\000i\000c\000a\000d\000a}{chapter.12}% 83
\BOOKMARK [1][-]{section.12.3}{\376\377\000T\000a\000l\000l\000e\000r\000\040\000d\000e\000\040\000C\000o\000n\000s\000o\000l\000i\000d\000a\000c\000i\000\363\000n\000\040\000d\000e\000l\000\040\000C\000a\000p\000\355\000t\000u\000l\000o}{chapter.12}% 84
\BOOKMARK [2][-]{subsection.12.3.1}{\376\377\000S\000o\000l\000u\000c\000i\000\363\000n\000\040\000T\000\351\000c\000n\000i\000c\000a\000\040\000y\000\040\000E\000s\000t\000r\000a\000t\000e\000g\000i\000a\000\040\000d\000e\000\040\000T\000u\000n\000i\000n\000g}{section.12.3}% 85
\BOOKMARK [0][-]{chapter.13}{\376\377\000A\000l\000t\000a\000\040\000D\000i\000s\000p\000o\000n\000i\000b\000i\000l\000i\000d\000a\000d\000\040\000\050\000H\000A\000\051\000,\000\040\000N\000o\000S\000Q\000L\000\040\000y\000\040\000A\000r\000q\000u\000i\000t\000e\000c\000t\000u\000r\000a\000s\000\040\000C\000l\000o\000u\000d\000\040\000M\000o\000d\000e\000r\000n\000a\000s}{part.3}% 86
\BOOKMARK [1][-]{section.13.1}{\376\377\000M\000a\000r\000c\000o\000\040\000C\000o\000n\000c\000e\000p\000t\000u\000a\000l\000\040\000y\000\040\000T\000e\000\363\000r\000i\000c\000o\000\040\000\050\000C\000u\000r\000r\000\355\000c\000u\000l\000o\000\040\000U\000n\000i\000v\000e\000r\000s\000i\000t\000a\000r\000i\000o\000\051}{chapter.13}% 87
\BOOKMARK [2][-]{subsection.13.1.1}{\376\377\000E\000l\000\040\000T\000e\000o\000r\000e\000m\000a\000\040\000C\000A\000P\000\040\000y\000\040\000B\000a\000s\000e\000s\000\040\000N\000o\000S\000Q\000L}{section.13.1}% 88
\BOOKMARK [2][-]{subsection.13.1.2}{\376\377\000A\000r\000q\000u\000i\000t\000e\000c\000t\000u\000r\000a\000s\000\040\000d\000e\000\040\000A\000l\000t\000a\000\040\000D\000i\000s\000p\000o\000n\000i\000b\000i\000l\000i\000d\000a\000d\000\040\000e\000n\000\040\000R\000D\000B\000M\000S}{section.13.1}% 89
\BOOKMARK [1][-]{section.13.2}{\376\377\000C\000a\000s\000o\000s\000\040\000d\000e\000\040\000E\000s\000t\000u\000d\000i\000o\000:\000\040\000A\000l\000m\000a\000c\000e\000n\000a\000m\000i\000e\000n\000t\000o\000\040\000S\000e\000m\000i\000e\000s\000t\000r\000u\000c\000t\000u\000r\000a\000d\000o\000\040\000c\000o\000n\000\040\000J\000S\000O\000N\000B\000\040\000y\000\040\000G\000I\000N}{chapter.13}% 90
\BOOKMARK [1][-]{section.13.3}{\376\377\000T\000a\000l\000l\000e\000r\000\040\000d\000e\000\040\000C\000o\000n\000s\000o\000l\000i\000d\000a\000c\000i\000\363\000n\000\040\000d\000e\000l\000\040\000C\000a\000p\000\355\000t\000u\000l\000o}{chapter.13}% 91
\BOOKMARK [2][-]{subsection.13.3.1}{\376\377\000S\000o\000l\000u\000c\000i\000\363\000n\000\040\000T\000\351\000c\000n\000i\000c\000a\000\040\000c\000o\000n\000\040\000\355\000n\000d\000i\000c\000e\000s\000\040\000d\000e\000\040\000E\000x\000p\000r\000e\000s\000i\000\363\000n\000\040\000y\000\040\000G\000I\000N}{section.13.3}% 92
\BOOKMARK [-1][-]{part.4}{\376\377\000I\000V\000\040\000L\000a\000b\000o\000r\000a\000t\000o\000r\000i\000o\000s\000\040\000d\000e\000\040\000C\000o\000n\000s\000o\000l\000i\000d\000a\000c\000i\000\363\000n\000\040\000e\000\040\000I\000n\000f\000r\000a\000e\000s\000t\000r\000u\000c\000t\000u\000r\000a}{}% 93
\BOOKMARK [0][-]{chapter.14}{\376\377\000I\000n\000f\000r\000a\000e\000s\000t\000r\000u\000c\000t\000u\000r\000a\000\040\000C\000l\000o\000u\000d\000,\000\040\000D\000e\000s\000p\000l\000i\000e\000g\000u\000e\000\040\000e\000n\000\040\000A\000W\000S\000\040\000E\000C\0002\000\040\000y\000\040\000B\000e\000n\000c\000h\000m\000a\000r\000k\000\040\000N\000o\000r\000t\000h\000w\000i\000n\000d}{part.4}% 94
\BOOKMARK [1][-]{section.14.1}{\376\377\000A\000p\000r\000o\000v\000i\000s\000i\000o\000n\000a\000m\000i\000e\000n\000t\000o\000\040\000d\000e\000\040\000I\000n\000f\000r\000a\000e\000s\000t\000r\000u\000c\000t\000u\000r\000a\000\040\000e\000n\000\040\000A\000W\000S\000\040\000E\000C\0002}{chapter.14}% 95
\BOOKMARK [2][-]{subsection.14.1.1}{\376\377\000M\000a\000n\000i\000f\000i\000e\000s\000t\000o\000\040\000d\000e\000\040\000O\000r\000q\000u\000e\000s\000t\000a\000c\000i\000\363\000n\000\040\000D\000o\000c\000k\000e\000r\000\040\000C\000o\000m\000p\000o\000s\000e}{section.14.1}% 96
\BOOKMARK [1][-]{section.14.2}{\376\377\000B\000a\000t\000e\000r\000\355\000a\000\040\000d\000e\000\040\000E\000j\000e\000r\000c\000i\000c\000i\000o\000s\000\040\000G\000r\000a\000d\000u\000a\000l\000e\000s\000\040\000y\000\040\000S\000o\000l\000u\000c\000i\000o\000n\000a\000r\000i\000o\000\040\000T\000\351\000c\000n\000i\000c\000o}{chapter.14}% 97
\BOOKMARK [2][-]{subsection.14.2.1}{\376\377\000S\000o\000l\000u\000c\000i\000\363\000n\000\040\000T\000\351\000c\000n\000i\000c\000a\000\040\000e\000n\000\040\000P\000o\000s\000t\000g\000r\000e\000S\000Q\000L}{section.14.2}% 98
\BOOKMARK [0][-]{chapter.15}{\376\377\000T\000a\000l\000l\000e\000r\000\040\000M\000u\000l\000t\000i\000-\000M\000o\000t\000o\000r\000\040\000y\000\040\000C\000a\000s\000o\000s\000\040\000d\000e\000\040\000N\000e\000g\000o\000c\000i\000o\000\040\000\050\000P\000o\000s\000t\000g\000r\000e\000S\000Q\000L\000\040\000/\000\040\000M\000y\000S\000Q\000L\000\051}{part.4}% 99
\BOOKMARK [1][-]{section.15.1}{\376\377\000D\000e\000s\000a\000r\000r\000o\000l\000l\000o\000\040\000P\000r\000\341\000c\000t\000i\000c\000o\000\040\000M\000u\000l\000t\000i\000-\000M\000o\000t\000o\000r\000\040\000y\000\040\000C\000o\000m\000p\000a\000t\000i\000b\000i\000l\000i\000d\000a\000d}{chapter.15}% 100
\BOOKMARK [2][-]{subsection.15.1.1}{\376\377\000C\000o\000m\000p\000a\000r\000a\000t\000i\000v\000a\000\040\000d\000e\000\040\000S\000i\000n\000t\000a\000x\000i\000s\000\040\000y\000\040\000D\000i\000a\000l\000e\000c\000t\000o\000s}{section.15.1}% 101
\BOOKMARK [1][-]{section.15.2}{\376\377\000C\000a\000s\000o\000s\000\040\000d\000e\000\040\000N\000e\000g\000o\000c\000i\000o\000\040\000R\000e\000a\000l\000e\000s}{chapter.15}% 102
\BOOKMARK [2][-]{subsection.15.2.1}{\376\377\000C\000a\000s\000o\000\040\0001\000:\000\040\000C\000i\000n\000e\000p\000l\000e\000x\000\040\000\050\000G\000e\000s\000t\000i\000\363\000n\000\040\000d\000e\000\040\000S\000a\000l\000a\000s\000\040\000y\000\040\000B\000o\000l\000e\000t\000o\000s\000\051}{section.15.2}% 103
